ESP-ROM:esp32s3-20210327
Build:Mar 27 2021
rst:0x1 (POWERON),boot:0x8 (SPI_FAST_FLASH_BOOT)
SPIWP:0xee
mode:DIO, clock div:1
load:0x3fce3810,len:0x178c
load:0x403c9700,len:0x4
load:0x403c9704,len:0xcb8
load:0x403cc700,len:0x2d80
entry 0x403c9914
[0;32mI (27) boot: ESP-IDF v5.3-dev-892-g692c1fcc52 2nd stage bootloader[0m
[0;32mI (27) boot: compile time Dec 14 2023 06:26:24[0m
[0;32mI (27) boot: Multicore bootloader[0m
[0;32mI (31) boot: chip revision: v0.1[0m
[0;32mI (35) boot.esp32s3: Boot SPI Speed : 80MHz[0m
[0;32mI (40) boot.esp32s3: SPI Mode       : DIO[0m
[0;32mI (45) boot.esp32s3: SPI Flash Size : 2MB[0m
[0;32mI (49) boot: Enabling RNG early entropy source...[0m
[0;32mI (55) boot: Partition Table:[0m
[0;32mI (58) boot: ## Label            Usage          Type ST Offset   Length[0m
[0;32mI (66) boot:  0 nvs              WiFi data        01 02 00009000 00006000[0m
[0;32mI (73) boot:  1 phy_init         RF data          01 01 0000f000 00001000[0m
[0;32mI (81) boot:  2 factory          factory app      00 00 00010000 00100000[0m
[0;32mI (88) boot: End of partition table[0m
[0;32mI (92) esp_image: segment 0: paddr=00010020 vaddr=3c020020 size=0c130h ( 49456) map[0m
[0;32mI (110) esp_image: segment 1: paddr=0001c158 vaddr=3fc92a00 size=031d4h ( 12756) load[0m
[0;32mI (113) esp_image: segment 2: paddr=0001f334 vaddr=40374000 size=00ce4h (  3300) load[0m
[0;32mI (118) esp_image: segment 3: paddr=00020020 vaddr=42000020 size=181a4h ( 98724) map[0m
[0;32mI (144) esp_image: segment 4: paddr=000381cc vaddr=40374ce4 size=0dc14h ( 56340) load[0m
[0;32mI (162) boot: Loaded app from partition at offset 0x10000[0m
[0;32mI (163) boot: Disabling RNG early entropy source...[0m
[0;32mI (174) cpu_start: Multicore app[0m
[0;32mI (184) cpu_start: Pro cpu start user code[0m
[0;32mI (184) cpu_start: cpu freq: 160000000 Hz[0m
[0;32mI (184) cpu_start: Application information:[0m
[0;32mI (187) cpu_start: Project name:     UCS1903_LED_REPEATER[0m
[0;32mI (193) cpu_start: App version:      1[0m
[0;32mI (197) cpu_start: Compile time:     Dec 14 2023 06:26:16[0m
[0;32mI (203) cpu_start: ELF file SHA256:  434167a6e...[0m
[0;32mI (209) cpu_start: ESP-IDF:          v5.3-dev-892-g692c1fcc52[0m
[0;32mI (215) cpu_start: Min chip rev:     v0.0[0m
[0;32mI (220) cpu_start: Max chip rev:     v0.99 [0m
[0;32mI (225) cpu_start: Chip rev:         v0.1[0m
[0;32mI (229) heap_init: Initializing. RAM available for dynamic allocation:[0m
[0;32mI (237) heap_init: At 3FC964B8 len 00053258 (332 KiB): RAM[0m
[0;32mI (243) heap_init: At 3FCE9710 len 00005724 (21 KiB): RAM[0m
[0;32mI (249) heap_init: At 3FCF0000 len 00008000 (32 KiB): DRAM[0m
[0;32mI (255) heap_init: At 600FE010 len 00001FD8 (7 KiB): RTCRAM[0m
[0;32mI (262) spi_flash: detected chip: gd[0m
[0;32mI (265) spi_flash: flash io: dio[0m
[0;33mW (269) spi_flash: Detected size(8192k) larger than the size in the binary image header(2048k). Using the size in the binary image header.[0m
[0;32mI (283) sleep: Configure to isolate all GPIO pins in sleep state[0m
[0;32mI (289) sleep: Enable automatic switching of GPIO sleep configuration[0m
[0;32mI (297) main_task: Started on CPU0[0m
[0;32mI (317) main_task: Calling app_main()[0m
[0;32mI (317) gpio: GPIO[10]| InputEn: 1| OutputEn: 0| OpenDrain: 0| Pullup: 1| Pulldown: 0| Intr:1 [0m
Minimum free heap size: 381128 bytes
Time[239356]: LED0, val: 0x55555555
Time[239356]: LED1, val: 0x0
Time[239356]: LED2, val: 0x0
Time[239356]: LED3, val: 0x1555
Time[339735]: LED0, val: 0x0
Time[339735]: LED1, val: 0x0
Time[339735]: LED2, val: 0x0
Time[339735]: LED3, val: 0x0
Time[440130]: LED0, val: 0x55555555
Time[440130]: LED1, val: 0x0
Time[440130]: LED2, val: 0x155555
Time[440130]: LED3, val: 0x15555555
Time[540483]: LED0, val: 0x0
Time[540483]: LED1, val: 0x0
Time[540483]: LED2, val: 0x0
Time[540483]: LED3, val: 0x0
Time[640820]: LED0, val: 0x1555
Time[640820]: LED1, val: 0x15555555
Time[640820]: LED2, val: 0x55555
Time[640820]: LED3, val: 0x15555555
Time[741160]: LED0, val: 0x0
Time[741160]: LED1, val: 0x0
Time[741160]: LED2, val: 0x0
Time[741160]: LED3, val: 0x0
Time[841500]: LED0, val: 0x55555555
Time[841500]: LED1, val: 0x55555
Time[841500]: LED2, val: 0x15555555
Time[841500]: LED3, val: 0x555
Time[941843]: LED0, val: 0x0
Time[941843]: LED1, val: 0x0
Time[941843]: LED2, val: 0x0
Time[941843]: LED3, val: 0x0
Time[1042182]: LED0, val: 0x55555555
Time[1042182]: LED1, val: 0x55555
Time[1042182]: LED2, val: 0x15555555
Time[1042182]: LED3, val: 0x155
Time[1142525]: LED0, val: 0x0
Time[1142525]: LED1, val: 0x0
Time[1142525]: LED2, val: 0x0
Time[1142525]: LED3, val: 0x0
Time[1242865]: LED0, val: 0x55555555
Time[1242865]: LED1, val: 0x15555555
Time[1242865]: LED2, val: 0x55555
Time[1242865]: LED3, val: 0x1555
Time[1343208]: LED0, val: 0x0
Time[1343208]: LED1, val: 0x0
Time[1343208]: LED2, val: 0x0
Time[1343208]: LED3, val: 0x0
Time[1443547]: LED0, val: 0x55555555
Time[1443547]: LED1, val: 0x55555
Time[1443547]: LED2, val: 0x15555555
Time[1443547]: LED3, val: 0x555
Time[1543890]: LED0, val: 0x0
Time[1543890]: LED1, val: 0x0
Time[1543890]: LED2, val: 0x0
Time[1543890]: LED3, val: 0x0
Time[1644232]: LED0, val: 0x55555555
Time[1644232]: LED1, val: 0x55555
Time[1644232]: LED2, val: 0x55555555
Time[1644232]: LED3, val: 0x555
Time[1744571]: LED0, val: 0x0
Time[1744571]: LED1, val: 0x0
Time[1744571]: LED2, val: 0x0
Time[1744571]: LED3, val: 0x0
Time[1844914]: LED0, val: 0x15555555
Time[1844914]: LED1, val: 0x15555555
Time[1844914]: LED2, val: 0x55555
Time[1844914]: LED3, val: 0x5555
Time[1945254]: LED0, val: 0x0
Time[1945254]: LED1, val: 0x0
Time[1945254]: LED2, val: 0x0
Time[1945254]: LED3, val: 0x0
Time[2145816]: LED0, val: 0x0
Time[2145816]: LED1, val: 0x2ABF
Time[2145816]: LED2, val: 0x55555555
Time[2145816]: LED3, val: 0x15500
Time[2246196]: LED0, val: 0x55555555
Time[2246196]: LED1, val: 0x0
Time[2246196]: LED2, val: 0x0
Time[2246196]: LED3, val: 0x155555
Time[2346594]: LED0, val: 0x0
Time[2346594]: LED1, val: 0x0
Time[2346594]: LED2, val: 0x0
Time[2346594]: LED3, val: 0x0
Time[2446959]: LED0, val: 0x15555555
Time[2446959]: LED1, val: 0x1555
Time[2446959]: LED2, val: 0x55555
Time[2446959]: LED3, val: 0x15555555
Time[2547302]: LED0, val: 0x0
Time[2547302]: LED1, val: 0x0
Time[2547302]: LED2, val: 0x0
Time[2547302]: LED3, val: 0x0
Time[2647682]: LED0, val: 0x55555555
Time[2647682]: LED1, val: 0x55555
Time[2647682]: LED2, val: 0x15555555
Time[2647682]: LED3, val: 0x1555
Time[2748025]: LED0, val: 0x0
Time[2748025]: LED1, val: 0x0
Time[2748025]: LED2, val: 0x0
Time[2748025]: LED3, val: 0x0
Time[2848364]: LED0, val: 0x55555555
Time[2848364]: LED1, val: 0x55555
Time[2848364]: LED2, val: 0x55555
Time[2848364]: LED3, val: 0x15555
